// Jest Snapshot v1, https://goo.gl/fbAQLP

exports[`App.vue Should match the snapshot 1`] = `
"<v-app-stub id=\\"app\\">
  <v-system-bar-stub app=\\"true\\" color=\\"orange darken-2\\" window=\\"true\\" data-cy=\\"system_bar\\" class=\\"font-weight-bold justify-center white--text\\">
    <v-icon-stub class=\\"white--text\\">mdi-alert</v-icon-stub>
    Email not verified! Check your inbox at test@gmail.com
    <v-btn-stub tag=\\"button\\" activeclass=\\"\\" small=\\"true\\" plain=\\"true\\" text=\\"true\\" type=\\"button\\" class=\\"white--text font-weight-bold\\">
      Resend link
    </v-btn-stub>
  </v-system-bar-stub>
  <v-snackbar-stub color=\\"deep-purple\\" tag=\\"div\\" bottom=\\"true\\" contentclass=\\"\\" timeout=\\"5000\\" transition=\\"v-snack-transition\\" fixed=\\"\\" class=\\"mb-12\\">
    <div class=\\"d-flex align-center\\">
      <v-icon-stub color=\\"white\\">mdi-check-circle</v-icon-stub> <span class=\\"font-weight-bold ml-1\\"></span>
    </div>
  </v-snackbar-stub>
  <v-overlay-stub color=\\"#212121\\" dark=\\"true\\" opacity=\\"0.46\\" zindex=\\"5\\">
    <v-progress-circular-stub indeterminate=\\"true\\" rotate=\\"0\\" size=\\"64\\" width=\\"4\\" value=\\"0\\"></v-progress-circular-stub>
  </v-overlay-stub>
  <transition-stub name=\\"scale\\" appear=\\"true\\" mode=\\"out-in\\">
    <router-view-stub name=\\"default\\"></router-view-stub>
  </transition-stub>
</v-app-stub>"
`;
