// Jest Snapshot v1, https://goo.gl/fbAQLP

exports[`Dashboard.vue Should match snapshot 1`] = `
"<v-main-stub tag=\\"main\\" class=\\"dashboard\\">
  <div class=\\"container-fluid\\">
    <v-row-stub tag=\\"div\\" class=\\"pr-4\\">
      <v-col-stub cols=\\"3\\" tag=\\"div\\">
        <dashboard-sidebar-stub></dashboard-sidebar-stub>
      </v-col-stub>
      <transition-stub name=\\"scale\\" mode=\\"out-in\\">
        <router-view-stub name=\\"default\\"></router-view-stub>
      </transition-stub>
    </v-row-stub>
  </div>
</v-main-stub>"
`;
