// Jest Snapshot v1, https://goo.gl/fbAQLP

exports[`Event.vue Should match snapshot 1`] = `
"<v-col-stub tag=\\"div\\" class=\\"col-xs-12 col-sm-6 col-lg-4 col-xl-3\\">
  <v-lazy-stub minheight=\\"240\\" options=\\"[object Object]\\" tag=\\"div\\" transition=\\"fade-transition\\">
    <v-hover-stub opendelay=\\"0\\" closedelay=\\"0\\"></v-hover-stub>
  </v-lazy-stub>
</v-col-stub>"
`;
