// Jest Snapshot v1, https://goo.gl/fbAQLP

exports[`Home.vue Should match snapshot 1`] = `
"<v-main-stub tag=\\"main\\">
  <div class=\\"container-fluid\\" style=\\"height: 1500px;\\">
    <div class=\\"display-1\\">Home</div>
    <v-btn-stub tag=\\"button\\" activeclass=\\"\\" type=\\"button\\" id=\\"test\\" data-cy=\\"logout_button\\">Logout</v-btn-stub>
    <v-btn-stub tag=\\"button\\" activeclass=\\"\\" type=\\"button\\">Get User</v-btn-stub>
  </div>
</v-main-stub>"
`;
