// Jest Snapshot v1, https://goo.gl/fbAQLP

exports[`Register.vue Should match snapshot 1`] = `
"<v-col-stub cols=\\"12\\" md=\\"5\\" tag=\\"div\\" dark=\\"\\" class=\\"d-flex flex-column justify-center px-12\\">
  <v-card-stub loaderheight=\\"4\\" tag=\\"div\\" elevation=\\"0\\">
    <h1 class=\\"main-title font-weight-bold deep-purple--text text--darken-4\\">
      Create a new account
    </h1>
    <validationobserver-stub tag=\\"span\\" vid=\\"obs_0\\"></validationobserver-stub>
    <p class=\\"text-center\\">
      Already have an account?
      <v-btn-stub tag=\\"button\\" activeclass=\\"\\" to=\\"[object Object]\\" small=\\"true\\" plain=\\"true\\" text=\\"true\\" type=\\"button\\">
        Sign In
      </v-btn-stub>
    </p>
  </v-card-stub>
</v-col-stub>"
`;
